// Jest Snapshot v1, https://goo.gl/fbAQLP

exports[`matches snapshot 1`] = `
<DocumentFragment>
  <div
    class="MuiBox-root css-1d27sqt"
  >
    <h1
      class="MuiTypography-root MuiTypography-h1 css-o2w69a-MuiTypography-root"
    >
      Welcome to Yodlr!
    </h1>
    <h3
      class="MuiTypography-root MuiTypography-h3 css-gepadz-MuiTypography-root"
    >
      Who are you?
    </h3>
    <div
      class="MuiBox-root css-1xhj18k"
    >
      <a
        class="link"
        href="/signup"
      >
        <button
          class="MuiButtonBase-root MuiButton-root MuiButton-contained MuiButton-containedPrimary MuiButton-sizeMedium MuiButton-containedSizeMedium MuiButton-root MuiButton-contained MuiButton-containedPrimary MuiButton-sizeMedium MuiButton-containedSizeMedium css-usvop9-MuiButtonBase-root-MuiButton-root"
          tabindex="0"
          type="button"
        >
          User
          <span
            class="MuiTouchRipple-root css-8je8zh-MuiTouchRipple-root"
          />
        </button>
      </a>
      <a
        class=""
        href="/admin"
      >
        <button
          class="MuiButtonBase-root MuiButton-root MuiButton-contained MuiButton-containedPrimary MuiButton-sizeMedium MuiButton-containedSizeMedium MuiButton-root MuiButton-contained MuiButton-containedPrimary MuiButton-sizeMedium MuiButton-containedSizeMedium css-usvop9-MuiButtonBase-root-MuiButton-root"
          tabindex="0"
          type="button"
        >
          Admin
          <span
            class="MuiTouchRipple-root css-8je8zh-MuiTouchRipple-root"
          />
        </button>
      </a>
    </div>
  </div>
</DocumentFragment>
`;
